// Jest Snapshot v1, https://goo.gl/fbAQLP

exports[`user reducer tests should return the initial state 1`] = `
Object {
  "displayName": "",
  "email": Object {
    "shouldValidate": false,
    "value": "",
  },
  "firstName": Object {
    "shouldValidate": false,
    "value": "",
  },
  "fullName": Object {
    "shouldValidate": false,
    "value": "",
  },
  "gnmMarketing": false,
  "id": "",
  "isPostDeploymentTestUser": false,
  "isSignedIn": false,
  "isTestUser": null,
  "lastName": Object {
    "shouldValidate": false,
    "value": "",
  },
}
`;
